// IGNORE_BACKEND: JVM_IR_WITH_OLD_EVALUATOR, JVM_IR_WITH_IR_EVALUATOR
LineBreakpoint created at capturedValues1.kt:17
Run Java
Connected to the target VM
capturedValues1.kt:17
KotlinStackFrame (capturedValues1.kt:17)
    JavaValue this (@place1) = x
        JavaValue[field] value: char[] (String.!EXT!)
            JavaValue[element] 0 = 'x' 120
        JavaValue[field] hash: int = 0 (String.!EXT!)
    JavaValue c2 = 3
    JavaValue b = 2
    JavaValue this (@foo) = 1000
    JavaValue args: String[0]@uniqueID
    JavaValue[local] this: java.lang.String = y
        JavaValue[field] value: char[] (String.!EXT!)
            JavaValue[element] 0 = 'y' 121
        JavaValue[field] hash: int = 0 (String.!EXT!)
Disconnected from the target VM

Process finished with exit code 0
