LineBreakpoint created at delegatedPropertyInClass.kt:9
Run Java
Connected to the target VM
delegatedPropertyInClass.kt:9
KotlinStackFrame (delegatedPropertyInClass.kt:9)
    JavaValue[local] args: java.lang.String[] = [] (delegatedPropertyInClass.kt:6)
    JavaValue[local] a: delegatedPropertyInClass.A (delegatedPropertyInClass.kt:7)
        JavaValue[field] prop$delegate: delegatedPropertyInClass.MyDelegate (delegatedPropertyInClass.kt:13)
            DummyMessageValueNode = Class has no fields
        JavaValue[field] propEx$delegate: delegatedPropertyInClass.MyDelegateThrowsException (delegatedPropertyInClass.kt:14)
            DummyMessageValueNode = Class has no fields
Disconnected from the target VM

Process finished with exit code 0
