// IGNORE_BACKEND: JVM_WITH_IR_EVALUATOR, JVM_IR_WITH_IR_EVALUATOR
LineBreakpoint created at lambdaFun4.kt:8
Run Java
Connected to the target VM
lambdaFun4.kt:8
Compile bytecode for this
Compile bytecode for this@Foo
KotlinStackFrame (lambdaFun4.kt:8)
    JavaValue[local] this: java.lang.String = abc
        JavaValue[field] value: byte[] (String.!EXT!)
            JavaValue[element] 0 = 97
            JavaValue[element] 1 = 98
            JavaValue[element] 2 = 99
        JavaValue[field] coder: byte = 0 (String.!EXT!)
        JavaValue[field] hash: int = 0 (String.!EXT!)
Disconnected from the target VM

Process finished with exit code 0
