// IGNORE_BACKEND: JVM_WITH_IR_EVALUATOR, JVM_IR_WITH_IR_EVALUATOR
LineBreakpoint created at lambdaThisMangling.kt:10
Run Java
Connected to the target VM
lambdaThisMangling.kt:10
Compile bytecode for foo
KotlinStackFrame (lambdaThisMangling.kt:10)
    JavaValue[local] foo: java.lang.String = foo (lambdaThisMangling.kt:8)
        JavaValue[field] value: byte[] (String.!EXT!)
            JavaValue[element] 0 = 102
            JavaValue[element] 1 = 111
            JavaValue[element] 2 = 111
        JavaValue[field] coder: byte = 0 (String.!EXT!)
        JavaValue[field] hash: int = 0 (String.!EXT!)
Disconnected from the target VM

Process finished with exit code 0
