LineBreakpoint created at SortedWith.kt:5
Run Java
Connected to the target VM
SortedWith.kt:5
arrayOf(Person("Bob", 42), Person("Alice", 27)).asSequence()
.sortedWith(compareBy { it.name })
.count()
sortedWith
    before: 1,2
    after: nothing
count
    before: nothing
    after: nothing
mappings for sortedWith
  direct:
    1 -> nothing
    2 -> nothing
  reverse:
    empty
mappings for count
  direct:
    empty
  reverse:
    empty
Disconnected from the target VM

Process finished with exit code 0
