LineBreakpoint created at coroutineSuspendFun136.kt:29
Run Java
Connected to the target VM
coroutineSuspendFun136.kt:29
Thread stack trace:
	c:29, CoroutineSuspendFun136Kt (continuation)
		($completion, c, paramB)
	b:23, CoroutineSuspendFun136Kt (continuation)
		($completion, $continuation, $result, b, paramA)
CoroutineNameIdState(name=coroutine, id=1, state=RUNNING, dispatcher=BlockingEventLoop@305fd85d)
	a:16, CoroutineSuspendFun136Kt (continuation)
		(a)
	invokeSuspend:10, CoroutineSuspendFun136Kt$main$1 (continuation)
		($this$runBlocking)
	resumeWith:33, BaseContinuationImpl (kotlin.coroutines.jvm.internal)
		($i$a$-with-BaseContinuationImpl$resumeWith$1, $this$with, completion, current, param, result, this)
	run:56, DispatchedTask (kotlinx.coroutines)
		($i$a$-withCoroutineContext-DispatchedTask$run$1, $i$f$withCoroutineContext, context, continuation, countOrElement$iv, delegate, exception, fatalException, job, oldValue$iv, state, taskContext, this)
	processNextEvent:274, EventLoopImplBase (kotlinx.coroutines)
		(delayed, task, this)
	joinBlocking:79, BlockingCoroutine (kotlinx.coroutines)
		(this)
	runBlocking:54, BuildersKt__BuildersKt (kotlinx.coroutines)
		(block, context, contextInterceptor, coroutine, currentThread, eventLoop, newContext)
	runBlocking:1, BuildersKt (kotlinx.coroutines)
		()
	runBlocking$default:36, BuildersKt__BuildersKt (kotlinx.coroutines)
		()
	runBlocking$default:1, BuildersKt (kotlinx.coroutines)
		()
	main:9, CoroutineSuspendFun136Kt (continuation)
		(main)
Creation stack frame
	createCoroutineUnintercepted:116, IntrinsicsKt__IntrinsicsJvmKt (kotlin.coroutines.intrinsics)
		()
	startCoroutineCancellable:26, CancellableKt (kotlinx.coroutines.intrinsics)
		()
	runBlocking$default:1, BuildersKt (kotlinx.coroutines)
		()
	main:9, CoroutineSuspendFun136Kt (continuation)
		()
	main:-1, CoroutineSuspendFun136Kt (continuation)
		()
Disconnected from the target VM

Process finished with exit code 0
