// IGNORE_BACKEND: JVM_WITH_IR_EVALUATOR, JVM_IR_WITH_IR_EVALUATOR
// IGNORE_BACKEND: JVM_IR_WITH_OLD_EVALUATOR
LineBreakpoint created at destructuringParam.kt:12 lambdaOrdinal = 1
Run Java
Connected to the target VM
destructuringParam.kt:12
Compile bytecode for x
Compile bytecode for y
KotlinStackFrame (destructuringParam.kt:12)
    JavaValue[this] this: DestructuringParamKt$main$1@uniqueID = Function1<destructuringParam.A, java.lang.String>
        JavaValue[field] arity: int = 1 (Lambda.!EXT!)
    JavaValue[local] $dstr$x$y: destructuringParam.A = A(x=O, y=K)
        JavaValue[field] x: java.lang.String = O (destructuringParam.kt:2)
            JavaValue[field] value: char[] (String.!EXT!)
                JavaValue[element] 0 = 'O' 79
            JavaValue[field] hash: int = 0 (String.!EXT!)
        JavaValue[field] y: java.lang.String = K (destructuringParam.kt:2)
            JavaValue[field] value: char[] (String.!EXT!)
                JavaValue[element] 0 = 'K' 75
            JavaValue[field] hash: int = 0 (String.!EXT!)
    JavaValue[local] x: java.lang.String = O (destructuringParam.kt:12)
        JavaValue[field] value: char[] (String.!EXT!)
            JavaValue[element] 0 = 'O' 79
        JavaValue[field] hash: int = 0 (String.!EXT!)
    JavaValue[local] y: java.lang.String = K (destructuringParam.kt:12)
        JavaValue[field] value: char[] (String.!EXT!)
            JavaValue[element] 0 = 'K' 75
        JavaValue[field] hash: int = 0 (String.!EXT!)
Disconnected from the target VM

Process finished with exit code 0
