FunctionBreakpoint created at ReadWrite.kt:105
Run Java
Connected to the target VM
ReadWrite.!EXT!
ReadWrite.!EXT!
Disconnected from the target VM

Process finished with exit code 0
